# CVE log

Audit findings and what was decided. Current state: `pnpm audit`.
Transitive pins are raised via `pnpm.overrides` in `package.json`.

## Open

**CVE-2026-14257** / GHSA-mh99-v99m-4gvg — brace-expansion, high, OOM DoS.
Present as 1.1.16 (`eslint>minimatch`) and 2.1.2 (`jest>@jest/core>@jest/reporters>glob>minimatch`).

Accepted. Fixed only in 5.0.8; the 1.x and 2.x lines have no backport and are already at their latest. v5 exports `{ expand }` rather than a callable, so an override breaks `minimatch`, which calls it as a function. Both paths are dev-only — no runtime exposure. Revisit when `minimatch` moves to a v5-compatible release.

## Resolved

25 of 27 findings, by taking in-range updates and pinning four transitive packages.

| Package         | To      | How                                             |
| --------------- | ------- | ----------------------------------------------- |
| next            | 16.2.12 | version bump                                    |
| postcss         | 8.5.23  | override, `next` pins it exactly                |
| sharp           | 0.35.3  | override, `next` pins `^0.34.5`; libvips 8.18.3 |
| uuid            | 11.1.1  | override, `mdx-bundler` pins 9                  |
| brace-expansion | 5.0.8   | transitive, for CVE-2026-13149                  |

## Deferred major upgrades

Not security-related. Recorded so they are not retried blind.

- **eslint 9 → 10**: `eslint-config-next` resolves `eslint-plugin-react@7.37.5`, whose eslint peer range ends at `^9.7`.
- **typescript 5 → 7**: `ts-jest@29.4.12` declares `typescript: ">=4.3 <7"`.
